// Jest Snapshot v1, https://goo.gl/fbAQLP

exports[`About component matches snapshot DOM node structure 1`] = `
<DocumentFragment>
  <section
    class="my-5"
  >
    <h1
      id="about"
    >
      Who am I?
    </h1>
    <img
      alt="cover"
      class="my-2"
      src="cover-image.jpg"
      style="width: 100%;"
    />
    <div
      class="my-2"
    >
      <p>
         Lorem ipsum dolor sit amet consectetur adipisicing elit. Cumque quis nulla suscipit, error consequatur aperiam voluptatem illo optio, nemo unde, veniam autem nam nihil sint libero ipsum? Natus, quas excepturi? 
      </p>
    </div>
  </section>
</DocumentFragment>
`;
